src/pages/RiceSampleEntry.tsx(1133,18): error TS17008: JSX element 'div' has no corresponding closing tag.
