No DATABASE_URL found, using individual environment variables.
📦 Using in-memory cache (REDIS_URL not set)
📦 Cache Service initialized: maxItems=1000, enabled=true, useRedis=false
✅ Database connection established successfully.
✅ Database ready (using migrations for schema management).
✅ Checked/created location column in weight_bridges.
⚠️ Column alteration warning (kadiga): relation "inventory_quality_parameters" does not exist
🔄 Running migrations...
🔄 Fixing rate_type enum...
✅ Dropped old enum type
✅ Rate_type enum already exists
✅ Rate type enum fixed successfully
Adding linkedShiftingId column to arrivals table...
✓ linkedShiftingId column already exists
Migration completed successfully
✅ Created opening_balances table
❌ Error creating opening_balances table: relation "unique_kunchinittu_date" already exists
⚠️ Migration 2 warning: relation "unique_kunchinittu_date" already exists
⚠️ Unique constraint on code may not exist: Unknown constraint error
⚠️ Error adding composite constraint: relation "unique_code_warehouse" already exists
✅ Created balance_audit_trails table
❌ Error creating balance_audit_trails table: relation "idx_balance_audit_trails_kunchinittu" already exists
⚠️ Migration 4 warning: relation "idx_balance_audit_trails_kunchinittu" already exists
Adding performance indexes...
⚠️ Skipped index idx_hamali_entries_arrival: column "arrivalId" does not exist
✅ Performance indexes migration complete!
🔧 Starting migration: add_from_outturn_id_column
✅ Column fromOutturnId already exists, skipping migration
Starting rice production tables migration...
✓ Packagings table created
✓ RiceProductions table created
✓ Indexes created
✅ Rice production tables migration completed successfully!
🔄 Updating rice_productions product types...
✅ Converted productType to VARCHAR
✅ Rice production product types updated successfully
🔄 Adding indexes to rice_productions table...
✅ Index on outturnId created
✅ Index on date created
✅ Index on productType created
✅ Index on status created
✅ Composite index on outturnId + date created
✅ Index on packagingId created
✅ Index on movementType created
✅ Index on locationCode created
✅ All rice production indexes added successfully
✅ Migration 8: Rice production indexes added
⚠️ Migration 9 warning: column "unpolished" of relation "by_products" already exists
🔧 Fixing net weight for all arrivals...
✅ Net weight fixed successfully!
📊 Records with 0 or null netWeight remaining: 0
⚠️ Migration 11 warning: relation "idx_purchase_rates_arrival" already exists
⚠️ Migration 11 warning: column "rjRice1" of relation "by_products" already exists
   ℹ️ Sute column already exists, skipping...
   ℹ️ Sute calculation method column already exists, skipping...
   ✅ Index created on sute column
✅ Migration 12: Sute column added to purchase rates
✅ Migration 13: Hamali rates table created
⚠️ Migration 14 warning: relation "idx_hamali_entries_arrival" already exists
⚠️ Migration 15 warning: column "status" of relation "hamali_entries" already exists
Adding unique constraint on Kunchinittus.name...
Error adding unique constraint: relation "Kunchinittus" does not exist
⚠️ Migration 16 warning: relation "Kunchinittus" does not exist
🔄 Adding "loose" to arrivals movementType enum...
✅ Converted movementType to VARCHAR
✅ Added "loose" to movementType enum successfully
✅ Migration 17: Loose movement type added
🔄 Adding paddy_bags_deducted column to rice_productions table...
✅ Column paddy_bags_deducted added
✅ Column comment added
✅ Existing records backfilled with calculated paddy_bags_deducted values
✅ Migration completed successfully
✅ Migration 18: Paddy bags deducted column added
✅ Migration 19: Rate type enum updated
✅ Dropped rag_indexing_status table
✅ Dropped rag_query_logs table
✅ Dropped rag_configs table
✅ RAG tables dropped successfully
✅ Migration 20: RAG system tables dropped
✅ Updated for-production records to purchase
✅ Total purchase records with outturn: 0
✅ Migration 21: For-production records updated to purchase
🔄 Adding comprehensive performance indexes...
✅ Added idx_arrivals_status_admin_date
✅ Added idx_arrivals_movement_outturn_status
✅ Added idx_arrivals_variety_status_date
✅ Added idx_arrivals_kunchinittu_status_movement
✅ Added idx_arrivals_date_id_covering
✅ Added idx_arrivals_approved_admin
✅ Added idx_arrivals_from_kunchinittu_status_movement
✅ Added idx_arrivals_warehouse_status
✅ Added idx_arrivals_variety_kunchinittu_stock
✅ Added idx_arrivals_created_status_date
✅ All comprehensive indexes added successfully
✅ Migration 22: Comprehensive performance indexes added
🔄 Creating rice_stock_locations table...
⚠️ rice_stock_locations table already exists, skipping creation
✅ Migration 23: Rice stock locations table created
🔄 Converting packaging allottedKg from ENUM to DECIMAL...
⚠️ allottedKg is already DECIMAL type, skipping migration
✅ Migration 24: Packaging KG converted to decimal
🔄 Adding yield_percentage column to outturns table...
⚠️ yield_percentage column already exists, skipping
✅ Migration 25: Yield percentage column added to outturns
⚠️ Migration 26 warning: relation "idx_paddy_hamali_rates_work_type" already exists
⚠️ Migration 27 warning: relation "idx_paddy_hamali_entries_arrival" already exists
⚠️ Migration 28 warning: addSizerBrokenToRiceProduction is not a function
🔄 Migration: Adding base_rate_calculation_method to purchase_rates...
✅ Column base_rate_calculation_method already exists
✅ Migration 29: base_rate_calculation_method added to purchase_rates
🔄 Migration: Adding average_rate and last_rate_calculation to kunchinittus...
✅ Column average_rate already exists
✅ Column last_rate_calculation already exists
✅ Migration completed.
✅ Migration 30: average_rate and last_rate_calculation added to kunchinittus
🔄 Migration: Adding "Sizer Broken" to rice_productions...
✅ Found ENUM type name: enum_rice_productions_productType
✅ Value "Sizer Broken" already exists in ENUM.
✅ Migration 31: Sizer Broken added to rice_productions product types
⚠️ Migration 32 warning: column "worker_name" of relation "paddy_hamali_entries" already exists
⚠️ Migration 33 warning: relation "idx_other_hamali_works_type" already exists
⚠️ Migration 34 warning: relation "idx_other_hamali_entries_arrival" already exists
🔄 Fixing rice_productions CHECK constraint to include Sizer Broken...
✅ Dropped old CHECK constraint
✅ Added new CHECK constraint with Sizer Broken
✅ Migration completed successfully
✅ Migration 32: Sizer Broken CHECK constraint fixed
🔄 Adding Rice Hamali System...
✅ Rice hamali rates table created
✅ Rice hamali entries table created
✅ Rice hamali indexes created
ℹ️ Rice hamali rates data already exists, skipping insert
✅ Rice Hamali System migration completed successfully
✅ Migration 35: Rice Hamali System added
🔄 Adding complete Rice Hamali rates (69 work types)...
📊 Current rice hamali rates count: 69
ℹ️ Rice hamali rates already complete, skipping
📊 Final rice hamali rates count: 69
✅ Complete Rice Hamali rates migration completed successfully
✅ Migration 36: Complete Rice Hamali Rates added
🔄 Fixing Rice Hamali rates with exact data from images...
🗑️ Existing rice hamali rates cleared.
✅ Rice hamali rates data from images inserted
📊 Final rice hamali rates count: 69
✅ Rice Hamali rates from images migration completed successfully
✅ Migration 37: Rice Hamali Rates from images fixed
🔄 Creating rice_hamali_entries table...
⚠️ rice_hamali_entries table exists, checking structure...
✅ rice_hamali_entries table already has correct structure
✅ Migration 38: Rice Hamali Entries table created
🔄 Fixing rice_hamali_entries table structure...
✅ Created rice_hamali_entries table with correct structure
✅ Created indexes for rice_hamali_entries table
🔄 Updating other_hamali_entries table for rice production support...
✅ Updated other_hamali_entries table for rice production support
✅ Rice Hamali entries system fixed and ready
✅ Migration 39: Rice Hamali Entries table structure fixed
🔄 Creating Rice Stock Management System...
✅ Created rice_stock_movements table
✅ Created rice_stock_balances table
🚀 Creating ultra performance indexes...
✅ Created ultra performance indexes
🔄 Updating rice_productions movement types...
⚠️ Movement types may already exist: type "enum_rice_productions_movementtype" does not exist
✅ Created stock balance calculation function
✅ Rice Stock Management System created successfully!
✅ Migration 40: Rice Stock Management System created
🚀 Starting comprehensive system enhancements migration...
📋 Creating hamali_entry_status table...
✅ Created hamali_entry_status table with indexes
📈 Adding performance indexes for rice hamali queries...
✅ Added performance indexes for rice hamali queries
🔗 Enhancing rice stock foreign key relationships...
⚠️ Source packaging foreign key already exists
⚠️ Target packaging foreign key already exists
🏃 Adding palti-specific indexes...
✅ Added palti-specific indexes
⚡ Adding automatic timestamp trigger...
✅ Added automatic timestamp trigger
🔍 Verifying migration results...
📋 hamali_entry_status table structure:
  - id: integer NOT NULL
  - entry_id: integer NOT NULL
  - entry_type: character varying NOT NULL
  - status: character varying NOT NULL
  - last_updated: timestamp with time zone NULL
  - modified_by: integer NULL
  - metadata: jsonb NULL
  - created_at: timestamp with time zone NULL
  - updated_at: timestamp with time zone NULL
📊 Created indexes:
  - hamali_entry_status.idx_hamali_status_entry
  - hamali_entry_status.idx_hamali_status_modified
  - hamali_entry_status.idx_hamali_status_type_status
  - rice_hamali_entries.idx_rice_hamali_active_date
  - rice_hamali_entries.idx_rice_hamali_active_v3
  - rice_hamali_entries.idx_rice_hamali_created_active_v3
  - rice_hamali_entries.idx_rice_hamali_created_at_v3
  - rice_hamali_entries.idx_rice_hamali_date
  - rice_hamali_entries.idx_rice_hamali_entries_active
  - rice_hamali_entries.idx_rice_hamali_entries_amount
  - rice_hamali_entries.idx_rice_hamali_entries_created_at
  - rice_hamali_entries.idx_rice_hamali_entries_entry_type
  - rice_hamali_entries.idx_rice_hamali_entries_production_id
  - rice_hamali_entries.idx_rice_hamali_entries_rate
  - rice_hamali_entries.idx_rice_hamali_entries_rice_production
  - rice_hamali_entries.idx_rice_hamali_entries_rice_stock_movement
  - rice_hamali_entries.idx_rice_hamali_entries_status
  - rice_hamali_entries.idx_rice_hamali_entries_stock_movement_id
  - rice_hamali_entries.idx_rice_hamali_entry_type
  - rice_hamali_entries.idx_rice_hamali_entry_type_v3
  - rice_hamali_entries.idx_rice_hamali_production_v2
  - rice_hamali_entries.idx_rice_hamali_remarks_categorization
  - rice_hamali_entries.idx_rice_hamali_status_v2
  - rice_hamali_entries.idx_rice_hamali_stock_movement_v3
  - rice_stock_movements.idx_rice_movements_outturn
  - rice_stock_movements.idx_rice_movements_packaging
  - rice_stock_movements.idx_rice_movements_status_date
  - rice_stock_movements.idx_rice_movements_type_product_location_date
  - rice_stock_movements.idx_rice_stock_bill_v3
  - rice_stock_movements.idx_rice_stock_created_by_v3
  - rice_stock_movements.idx_rice_stock_created_status
  - rice_stock_movements.idx_rice_stock_date_status_v2
  - rice_stock_movements.idx_rice_stock_date_v2
  - rice_stock_movements.idx_rice_stock_from_location_v3
  - rice_stock_movements.idx_rice_stock_location_code_v3
  - rice_stock_movements.idx_rice_stock_location_product_date
  - rice_stock_movements.idx_rice_stock_movement_type_date
  - rice_stock_movements.idx_rice_stock_movements_approval_workflow
  - rice_stock_movements.idx_rice_stock_movements_date
  - rice_stock_movements.idx_rice_stock_movements_group_date
  - rice_stock_movements.idx_rice_stock_movements_location_date
  - rice_stock_movements.idx_rice_stock_movements_month_pagination
  - rice_stock_movements.idx_rice_stock_movements_monthly_pagination
  - rice_stock_movements.idx_rice_stock_movements_outturn_id
  - rice_stock_movements.idx_rice_stock_movements_outturn_variety_lookup
  - rice_stock_movements.idx_rice_stock_movements_palti_operations
  - rice_stock_movements.idx_rice_stock_movements_performance_core
  - rice_stock_movements.idx_rice_stock_movements_product_date
  - rice_stock_movements.idx_rice_stock_movements_source_bags
  - rice_stock_movements.idx_rice_stock_movements_status
  - rice_stock_movements.idx_rice_stock_movements_stock_calculation
  - rice_stock_movements.idx_rice_stock_movements_type
  - rice_stock_movements.idx_rice_stock_movements_type_date
  - rice_stock_movements.idx_rice_stock_movements_user_activity
  - rice_stock_movements.idx_rice_stock_movements_variety
  - rice_stock_movements.idx_rice_stock_packaging_source
  - rice_stock_movements.idx_rice_stock_packaging_target
  - rice_stock_movements.idx_rice_stock_palti_complete
  - rice_stock_movements.idx_rice_stock_palti_date
  - rice_stock_movements.idx_rice_stock_palti_operations
  - rice_stock_movements.idx_rice_stock_party_v3
  - rice_stock_movements.idx_rice_stock_product_v3
  - rice_stock_movements.idx_rice_stock_sales
  - rice_stock_movements.idx_rice_stock_status_v2
  - rice_stock_movements.idx_rice_stock_to_location_v3
  - rice_stock_movements.idx_rice_stock_type_date_v2
  - rice_stock_movements.idx_rice_stock_type_v2
  - rice_stock_movements.idx_rice_stock_variety_lookup
  - rice_stock_movements.idx_rice_stock_variety_v3
  - rice_stock_movements.idx_rsm_date_filters
  - rice_stock_movements.idx_rsm_pending_approval
  - rice_stock_movements.idx_rsm_stock_calc
🎉 Comprehensive system enhancements migration completed successfully!
✅ Migration 40.5: Comprehensive system enhancements completed
🔄 Migration 41: Adding Rice Stock Movement Hamali Support...
✅ Added rice_stock_movement_id and entry_type columns
✅ Updated existing entries with entry_type = production
✅ Made rice_production_id nullable
❌ Migration 41 failed: constraint "check_hamali_reference" for relation "rice_hamali_entries" already exists
⚠️ Migration 41 warning: constraint "check_hamali_reference" for relation "rice_hamali_entries" already exists
🚀 Running Migration 42: Rice Stock Approval System + Palti Feature...
📊 Creating ultra performance indexes...
✅ Migration 42 completed successfully!
📊 Added approval system for Purchase/Sale movements
🔄 Added Palti (brand conversion) system with shortage tracking
⚡ Created ultra performance indexes for 3+ lakh records
✅ Migration 42: Rice Stock Approval System + Palti Feature added
🔄 Migration 42: Fixing Rice Hamali Constraint...
✅ Dropped old constraint
✅ Added new constraint with palti support
✅ Migration 42: Rice Hamali Constraint fixed successfully!
✅ Migration 43: Rice Hamali Constraint fixed for Palti
🚀 Migration 43: Creating Automatic Rice Hamali System...
📋 Step 1: Ensuring rice_hamali_entries table structure...
📋 Step 2: Adding performance indexes...
📋 Step 3: Creating automatic rice hamali entry function...
📋 Step 4: Creating automatic rice hamali trigger...
📋 Step 5: Creating rice production hamali function...
📋 Step 6: Creating rice production hamali trigger...
📋 Step 7: Creating sample entries for existing approved records...
📋 Step 8: Updating table statistics...
📋 Step 9: Verifying migration results...
✅ Migration 43 completed successfully!
📊 Results:
   - Rice Hamali Entries: 0
   - Approved Stock Movements: 0
   - Approved Productions: 0
🎉 Automatic Rice Hamali system is now active!
✅ Migration 44: Automatic Rice Hamali System created - Rice Hamali Book will work perfectly!
🔄 Migration: Fixing purchase_rates table - adding missing columns...
📊 Existing columns: [
  'id',
  'arrival_id',
  'sute',
  'sute_calculation_method',
  'base_rate',
  'rate_type',
  'base_rate_calculation_method',
  'h',
  'h_calculation_method',
  'b',
  'b_calculation_method',
  'lf',
  'lf_calculation_method',
  'egb',
  'amount_formula',
  'total_amount',
  'average_rate',
  'created_by',
  'updated_by',
  'status',
  'admin_approved_by',
  'admin_approved_at',
  'created_at',
  'updated_at'
]
✅ Migration complete: purchase_rates table now has all required columns
✅ Migration 45: Purchase rates columns fixed
🚀 Running 10 Lakh Record Performance Optimization...
✅ 10 Lakh Optimization: 21 new indexes created, 0 already existed
✅ ANALYZE arrivals completed for optimal query planning
✅ Migration 46: 10 Lakh Record Performance Optimization indexes added
🔄 Starting migration: Update loose entries variety...
✅ Migration complete: Updated loose entries with variety from kunchinittu
✅ Migration 47: Loose entries variety field updated
🚀 Migration 44: Disabling Automatic Rice Hamali System...
📋 Step 1: Dropping rice production hamali trigger...
📋 Step 2: Dropping rice stock movement hamali trigger...
📋 Step 3: Dropping associated functions...
📋 Step 4: Deleting existing auto-created rice hamali entries...
   Deleted 0 auto-created hamali entries
✅ Migration 44 completed successfully!
📊 Results:
   - Dropped trigger: trigger_auto_create_rice_production_hamali
   - Dropped trigger: trigger_auto_create_rice_hamali
   - Dropped function: create_rice_production_hamali_entry
   - Dropped function: create_automatic_rice_hamali_entry
   - Deleted 0 auto-created hamali entries
🎉 Automatic hamali entries will NO LONGER be created!
   Users must manually add hamali entries if needed.
✅ Migration 48: Automatic hamali trigger disabled - Users must now manually add hamali entries
🔄 Migration: Adding h_calculation_method to purchase_rates...
✅ Column h_calculation_method already exists
✅ Migration 49: h_calculation_method added to purchase_rates
🔄 Adding isClosed column to kunchinittus table...
⏭️ is_closed column already exists, skipping
⏭️ closed_at column already exists, skipping
⏭️ closed_by column already exists, skipping
⏭️ Index already exists, skipping
✅ Migration completed successfully
✅ Migration 50: isClosed fields added to kunchinittus
🔄 Adding outturn clearing fields to outturns table...
✅ Column is_cleared added
✅ Column cleared_at added
✅ Column cleared_by added
✅ Column remaining_bags added
✅ Index idx_outturns_is_cleared created
✅ Column comments added
✅ Migration completed successfully
✅ Migration 51: Outturn clearing fields added (is_cleared, cleared_at, cleared_by, remaining_bags)
✅ Migration: CANCELLED status and cancel_remarks added successfully.
✅ Migration 52: CANCELLED status and cancelRemarks added
🔄 Migration 52: Adding is_direct_load column to rice_stock_locations...
ℹ️ Migration 52: is_direct_load column already exists
✅ Migration 52: is_direct_load column added to rice_stock_locations
⚠️ Migration 53 warning: relation "rice_varieties_name" already exists
📦 Migration 54: Seeding DIRECT_LOAD location...
❌ Error in migration 54: column "isActive" of relation "rice_stock_locations" does not exist
✅ Migration 54: DIRECT_LOAD location seeded
⏭️ closed_remaining_bags column already exists, skipping
✅ Migration 55 completed successfully
✅ Migration 55: closed_remaining_bags field added to kunchinittus
🔄 Migration 56: Relaxing packaging constraints...
⏭️ Composite index already exists, skipping
✅ Migration 56 completed successfully
✅ Migration 56: Packaging constraints relaxed
ℹ️ grams_report column already exists.
✅ Migration 56.5: grams_report column added
🔄 Adding source_bags column to rice_stock_movements...
ℹ️ source_bags column already exists, skipping
✅ Index created for source_bags
✅ Migration 57: source_bags column added to rice_stock_movements
🔄 Backfilling source_bags for existing Palti movements...
📊 Found 0 Palti records with NULL source_bags
ℹ️ No records need backfilling
✅ Migration 58: source_bags backfilled for existing Palti movements
❌ Error adding description column: Error
    at Query.run (C:\Users\maju\Downloads\stocks-main\stocks-main\server\node_modules\sequelize\lib\dialects\postgres\query.js:50:25)
    at C:\Users\maju\Downloads\stocks-main\stocks-main\server\node_modules\sequelize\lib\sequelize.js:315:28
    at process.processTicksAndRejections (node:internal/process/task_queues:104:5)
    at async PostgresQueryInterface.addColumn (C:\Users\maju\Downloads\stocks-main\stocks-main\server\node_modules\sequelize\lib\dialects\abstract\query-interface.js:184:12)
    at async Object.up (C:\Users\maju\Downloads\stocks-main\stocks-main\server\migrations\add_description_to_other_hamali_entries.js:7:7)
    at async startServer (C:\Users\maju\Downloads\stocks-main\stocks-main\server\index.js:934:9) {
  name: 'SequelizeDatabaseError',
  parent: error: column "description" of relation "other_hamali_entries" already exists
      at Parser.parseErrorMessage (C:\Users\maju\Downloads\stocks-main\stocks-main\server\node_modules\pg-protocol\dist\parser.js:285:98)
      at Parser.handlePacket (C:\Users\maju\Downloads\stocks-main\stocks-main\server\node_modules\pg-protocol\dist\parser.js:122:29)
      at Parser.parse (C:\Users\maju\Downloads\stocks-main\stocks-main\server\node_modules\pg-protocol\dist\parser.js:35:38)
      at Socket.<anonymous> (C:\Users\maju\Downloads\stocks-main\stocks-main\server\node_modules\pg-protocol\dist\index.js:11:42)
      at Socket.emit (node:events:509:28)
      at addChunk (node:internal/streams/readable:563:12)
      at readableAddChunkPushByteMode (node:internal/streams/readable:514:3)
      at Readable.push (node:internal/streams/readable:394:5)
      at TCP.onStreamRead (node:internal/stream_base_commons:189:23) {
    length: 150,
    severity: 'ERROR',
    code: '42701',
    detail: undefined,
    hint: undefined,
    position: undefined,
    internalPosition: undefined,
    internalQuery: undefined,
    where: undefined,
    schema: undefined,
    table: undefined,
    column: undefined,
    dataType: undefined,
    constraint: undefined,
    file: 'tablecmds.c',
    line: '7350',
    routine: 'check_for_column_name_collision',
    sql: 'ALTER TABLE "public"."other_hamali_entries" ADD COLUMN "description" TEXT;',
    parameters: undefined
  },
  original: error: column "description" of relation "other_hamali_entries" already exists
      at Parser.parseErrorMessage (C:\Users\maju\Downloads\stocks-main\stocks-main\server\node_modules\pg-protocol\dist\parser.js:285:98)
      at Parser.handlePacket (C:\Users\maju\Downloads\stocks-main\stocks-main\server\node_modules\pg-protocol\dist\parser.js:122:29)
      at Parser.parse (C:\Users\maju\Downloads\stocks-main\stocks-main\server\node_modules\pg-protocol\dist\parser.js:35:38)
      at Socket.<anonymous> (C:\Users\maju\Downloads\stocks-main\stocks-main\server\node_modules\pg-protocol\dist\index.js:11:42)
      at Socket.emit (node:events:509:28)
      at addChunk (node:internal/streams/readable:563:12)
      at readableAddChunkPushByteMode (node:internal/streams/readable:514:3)
      at Readable.push (node:internal/streams/readable:394:5)
      at TCP.onStreamRead (node:internal/stream_base_commons:189:23) {
    length: 150,
    severity: 'ERROR',
    code: '42701',
    detail: undefined,
    hint: undefined,
    position: undefined,
    internalPosition: undefined,
    internalQuery: undefined,
    where: undefined,
    schema: undefined,
    table: undefined,
    column: undefined,
    dataType: undefined,
    constraint: undefined,
    file: 'tablecmds.c',
    line: '7350',
    routine: 'check_for_column_name_collision',
    sql: 'ALTER TABLE "public"."other_hamali_entries" ADD COLUMN "description" TEXT;',
    parameters: undefined
  },
  sql: 'ALTER TABLE "public"."other_hamali_entries" ADD COLUMN "description" TEXT;',
  parameters: {}
}
⚠️ Migration (description) warning: column "description" of relation "other_hamali_entries" already exists
🔄 Adding type column to outturns table...
ℹ️  Column type already exists, skipping...
✅ Migration: Type column added to outturns
🔄 Updating yield_percentage precision...
✅ Yield percentage precision updated successfully
✅ Migration: Yield percentage precision updated
🔄 Creating edit_propagation_logs table...
✅ edit_propagation_logs table created successfully
✅ Migration: Edit propagation logs table created
✅ Updated NULL rate_type values to CDL
✅ Migration: NULL rate types fixed in purchase rates
🚀 Running Migration 60: Rice Stock Variety Standardization...
📊 Adding outturn_id column to rice_stock_movements...
✅ Added outturn_id column to rice_stock_movements
📋 Creating rice stock variety migration logging table...
✅ Created rice_stock_variety_migration_log table
⚡ Creating performance indexes for rice stock variety operations...
✅ Created performance indexes for rice stock variety operations
🔒 Adding referential integrity constraints...
✅ Added referential integrity constraints for rice stock operations
📊 Updating rice_stock_balances for future outturn support...
✅ Updated rice_stock_balances table
✅ Created helper functions for rice stock variety standardization
✅ Migration 60 completed successfully!
📊 Added outturn_id foreign key to rice_stock_movements
📋 Created migration logging table for audit trail
⚡ Added performance indexes for rice stock variety operations
🔒 Added referential integrity constraints
🎯 Rice stock variety standardization schema ready!
✅ Migration 60: Rice stock variety standardization completed
📊 Adding composite index for stock group-based calculations...
✅ Composite index created successfully
✅ Table statistics updated
✅ Migration 61: Stock group index added
🚀 Adding performance optimization indexes...
📊 Creating arrivals indexes...
   ⏭️  Skipped (already exists): idx_arrivals_type_status_date
   ⏭️  Skipped (already exists): idx_arrivals_kunchinittu_type_status
   ⏭️  Skipped (already exists): idx_arrivals_outturn
   ⏭️  Skipped (already exists): idx_arrivals_from_kunchinittu
📊 Creating rice_stock_movements indexes...
   ⏭️  Skipped (already exists): idx_rice_movements_type_product_location_date
   ⏭️  Skipped (already exists): idx_rice_movements_outturn
   ⏭️  Skipped (already exists): idx_rice_movements_packaging
   ⏭️  Skipped (already exists): idx_rice_movements_status_date
📊 Creating purchase_rates indexes...
   ⏭️  Skipped (already exists): idx_purchase_rates_arrival
📊 Creating rice_productions indexes...
   ⏭️  Skipped (already exists): idx_rice_productions_outturn_date
   ⏭️  Skipped (already exists): idx_rice_productions_type_location_date
📊 Creating outturns indexes...
   ⏭️  Skipped (already exists): idx_outturns_code
   ⏭️  Skipped (already exists): idx_outturns_cleared
✅ Performance indexes created successfully!
📈 Expected query performance improvement: 60-70%
✅ Migration 62: Performance indexes added
🔄 Migration 63: Adding rate and amount columns to rice_hamali_entries...
✅ Migration 63: Rate and amount columns already exist, skipping
✅ performance_metrics table already exists
✅ Migration 64: Performance metrics table created
🔄 Migration 65: Adding comprehensive performance indexes...
⚠️ Could not fetch existing indexes: Cannot read properties of undefined (reading 'match')

📊 Creating arrivals table indexes...
  ⚠️ Could not create index idx_arrivals_status_date: column "arrival_date" does not exist
  ⚠️ Could not create index idx_arrivals_status: relation "idx_arrivals_status" already exists
  ⚠️ Could not create index idx_arrivals_date: column "arrival_date" does not exist
  ⚠️ Could not create index idx_arrivals_location: column "location_id" does not exist
  ⚠️ Could not create index idx_arrivals_variety: column "variety_id" does not exist
  ⚠️ Could not create index idx_arrivals_date_status: column "arrival_date" does not exist

📊 Creating kunchinittus (stock) table indexes...
  ⚠️ Could not create index idx_kunchinittus_location_variety: column "location_id" does not exist
  ⚠️ Could not create index idx_kunchinittus_created_at: column "created_at" does not exist
  ⚠️ Could not create index idx_kunchinittus_location_date: column "location_id" does not exist
  ✓ Index idx_kunchinittus_is_closed already exists, skipping
  ⚠️ Could not create index idx_kunchinittus_status: column "status" does not exist
  ⚠️ Could not create index idx_kunchinittus_status_closed_date: column "status" does not exist

📊 Creating rice_productions table indexes...
  ✓ Index idx_rice_productions_date already exists, skipping
  ⚠️ Could not create index idx_rice_productions_variety: column "variety_id" does not exist
  ✓ Index idx_rice_productions_location already exists, skipping
  ✓ Index idx_rice_productions_product_type already exists, skipping
  ⚠️ Could not create index idx_rice_productions_date_location: column "production_date" does not exist

📊 Creating hamali_entries table indexes...
  ✓ Index idx_hamali_entries_date already exists, skipping
  ⚠️ Could not create index idx_hamali_entries_location: column "location_id" does not exist
  ⚠️ Could not create index idx_hamali_entries_variety: column "variety_id" does not exist
  ⚠️ Could not create index idx_hamali_entries_worker: column "worker_name" does not exist
  ⚠️ Could not create index idx_hamali_entries_date_location: column "entry_date" does not exist

📊 Creating rice_hamali_entries table indexes...
  ⚠️ Could not create index idx_rice_hamali_entries_date: column "entry_date" does not exist
  ⚠️ Could not create index idx_rice_hamali_entries_location: column "location_id" does not exist
  ⚠️ Could not create index idx_rice_hamali_entries_variety: column "variety_id" does not exist
  ⚠️ Could not create index idx_rice_hamali_entries_worker: column "worker_name" does not exist
  ⚠️ Could not create index idx_rice_hamali_entries_date_location: column "entry_date" does not exist

📊 Creating rice_stock_movements table indexes...
  ⚠️ Could not create index idx_rice_stock_movements_date: column "movement_date" does not exist
  ⚠️ Could not create index idx_rice_stock_movements_from_location: column "from_location_id" does not exist
  ⚠️ Could not create index idx_rice_stock_movements_to_location: column "to_location_id" does not exist
  ⚠️ Could not create index idx_rice_stock_movements_variety: column "variety_id" does not exist
  ⚠️ Could not create index idx_rice_stock_movements_type: relation "idx_rice_stock_movements_type" already exists
  ⚠️ Could not create index idx_rice_stock_movements_date_from: column "movement_date" does not exist

📊 Creating packagings table indexes...
  ⚠️ Could not create index idx_packagings_date: column "packaging_date" does not exist
  ⚠️ Could not create index idx_packagings_location: column "location_id" does not exist
  ⚠️ Could not create index idx_packagings_variety: column "variety_id" does not exist
  ⚠️ Could not create index idx_packagings_date_location: column "packaging_date" does not exist

📊 Creating outturns table indexes...
  ⚠️ Could not create index idx_outturns_date: column "outturn_date" does not exist
  ⚠️ Could not create index idx_outturns_location: column "location_id" does not exist
  ⚠️ Could not create index idx_outturns_variety: column "variety_id" does not exist
  ⚠️ Could not create index idx_outturns_kunchinittu: column "kunchinittu_id" does not exist

📊 Creating locations table indexes...
  ⚠️ Could not create index idx_locations_active: relation "locations" does not exist
  ⚠️ Could not create index idx_locations_type: relation "locations" does not exist

📊 Creating varieties table indexes...
  ⚠️ Could not create index idx_varieties_active: column "is_active" does not exist
  ✓ Index idx_varieties_name already exists, skipping

📊 Creating rice_stock_locations table indexes...
  ✓ Index idx_rice_stock_locations_active already exists, skipping
  ✓ Index idx_rice_stock_locations_direct_load already exists, skipping

📊 Creating opening_balances table indexes...
  ⚠️ Could not create index idx_opening_balances_lookup: column "location_id" does not exist
  ✓ Index idx_opening_balances_date already exists, skipping

✅ Migration 65: All performance indexes created successfully!
📈 Expected performance improvement: 300-900ms → <100ms
🔧 Migration 66: Creating corrected performance indexes...

📊 Creating arrivals table indexes (CRITICAL)...
  ⚠️ Could not create index idx_arrivals_date_v2: relation "Arrivals" does not exist
  ⚠️ Could not create index idx_arrivals_status_v2: relation "Arrivals" does not exist
  ⚠️ Could not create index idx_arrivals_movement_type_v2: relation "Arrivals" does not exist
  ⚠️ Could not create index idx_arrivals_date_status_v2: relation "Arrivals" does not exist
  ⚠️ Could not create index idx_arrivals_status_date_v2: relation "Arrivals" does not exist
  ⚠️ Could not create index idx_arrivals_movement_date_v2: relation "Arrivals" does not exist
  ⚠️ Could not create index idx_arrivals_to_kunchinittu_v2: relation "Arrivals" does not exist
  ⚠️ Could not create index idx_arrivals_from_kunchinittu_v2: relation "Arrivals" does not exist
  ⚠️ Could not create index idx_arrivals_to_warehouse_v2: relation "Arrivals" does not exist
  ⚠️ Could not create index idx_arrivals_from_warehouse_v2: relation "Arrivals" does not exist
  ⚠️ Could not create index idx_arrivals_outturn_v2: relation "Arrivals" does not exist
  ⚠️ Could not create index idx_arrivals_created_by_v2: relation "Arrivals" does not exist
  ⚠️ Could not create index idx_arrivals_approved_by_v2: relation "Arrivals" does not exist

📊 Creating rice_productions table indexes...
  ✓ Index idx_rice_prod_date_v2 already exists, skipping
  ✓ Index idx_rice_prod_status_v2 already exists, skipping
  ⚠️ Could not create index idx_rice_prod_product_v2: column "product_type" does not exist
  ⚠️ Could not create index idx_rice_prod_location_v2: column "location_code" does not exist
  ✓ Index idx_rice_prod_date_status_v2 already exists, skipping
  ⚠️ Could not create index idx_rice_prod_outturn_v2: column "outturn_id" does not exist

📊 Creating paddy_hamali_entries table indexes...
  ⚠️ Could not create index idx_paddy_hamali_date_v2: column "date" does not exist
  ✓ Index idx_paddy_hamali_arrival_v2 already exists, skipping
  ✓ Index idx_paddy_hamali_status_v2 already exists, skipping
  ⚠️ Could not create index idx_paddy_hamali_date_status_v2: column "date" does not exist

📊 Creating rice_hamali_entries table indexes...
  ⚠️ Could not create index idx_rice_hamali_date_v2: column "date" does not exist
  ✓ Index idx_rice_hamali_production_v2 already exists, skipping
  ✓ Index idx_rice_hamali_status_v2 already exists, skipping
  ⚠️ Could not create index idx_rice_hamali_date_status_v2: column "date" does not exist

📊 Creating rice_stock_movements table indexes...
  ✓ Index idx_rice_stock_date_v2 already exists, skipping
  ✓ Index idx_rice_stock_status_v2 already exists, skipping
  ✓ Index idx_rice_stock_type_v2 already exists, skipping
  ✓ Index idx_rice_stock_date_status_v2 already exists, skipping
  ✓ Index idx_rice_stock_type_date_v2 already exists, skipping

📊 Creating kunchinittus table indexes...
  ✓ Index idx_kunchinittus_closed_v2 already exists, skipping
  ✓ Index idx_kunchinittus_name_v2 already exists, skipping

📊 Creating outturns table indexes...
  ✓ Index idx_outturns_code_v2 already exists, skipping
  ✓ Index idx_outturns_cleared_v2 already exists, skipping

📊 Creating opening_balances table indexes...
  ✓ Index idx_opening_bal_date_v2 already exists, skipping

✅ Migration 66: Corrected performance indexes created successfully!
📈 Expected improvement: 300-900ms → <100ms for most endpoints
🎯 Critical endpoints optimized:
   - /api/arrivals/pending-list
   - /api/records/arrivals
   - /api/hamali-entries/batch
   - /api/ledger/kunchinittus
   - /api/rice-productions
   - /api/rice-stock-management/movements
🔧 Migration 67: Creating schema-verified performance indexes...

📊 Creating paddy_hamali_entries indexes (VERIFIED)...
  ✓ Index idx_paddy_hamali_created_at_v3 already exists, skipping
  ✓ Index idx_paddy_hamali_created_status_v3 already exists, skipping
  ✓ Index idx_paddy_hamali_worker_v3 already exists, skipping
  ✓ Index idx_paddy_hamali_batch_v3 already exists, skipping

📊 Creating rice_hamali_entries indexes (VERIFIED)...
  ✓ Index idx_rice_hamali_created_at_v3 already exists, skipping
  ✓ Index idx_rice_hamali_active_v3 already exists, skipping
  ✓ Index idx_rice_hamali_created_active_v3 already exists, skipping
  ✓ Index idx_rice_hamali_stock_movement_v3 already exists, skipping
  ✓ Index idx_rice_hamali_entry_type_v3 already exists, skipping

📊 Creating rice_stock_movements indexes (VERIFIED)...
  ✓ Index idx_rice_stock_from_location_v3 already exists, skipping
  ✓ Index idx_rice_stock_to_location_v3 already exists, skipping
  ✓ Index idx_rice_stock_location_code_v3 already exists, skipping
  ✓ Index idx_rice_stock_party_v3 already exists, skipping
  ✓ Index idx_rice_stock_bill_v3 already exists, skipping
  ✓ Index idx_rice_stock_variety_v3 already exists, skipping
  ✓ Index idx_rice_stock_product_v3 already exists, skipping
  ✓ Index idx_rice_stock_created_by_v3 already exists, skipping

📊 Creating hamali_entries indexes (VERIFIED)...
  ✓ Index idx_hamali_date_v3 already exists, skipping
  ✓ Index idx_hamali_created_by_v3 already exists, skipping
  ✓ Index idx_hamali_approved_by_v3 already exists, skipping

📊 Creating opening_balances indexes (VERIFIED)...
  ✓ Index idx_opening_kunchinittu_v3 already exists, skipping
  ✓ Index idx_opening_date_kunchinittu_v3 already exists, skipping
  ✓ Index idx_opening_manual_v3 already exists, skipping

✅ Migration 67: Schema-verified performance indexes created successfully!
📈 All indexes use verified column names from actual database schema
🎯 Critical endpoints optimized:
   - /api/hamali-entries/batch (paddy hamali lookups)
   - /api/rice-hamali-entries/* (rice hamali queries)
   - /api/rice-stock-management/* (stock movements)
   - /api/arrivals/opening-balance (opening balance calculations)
Index may already exist, continuing...
✅ Migration completed: Added purchase rate approval fields
✅ Migration 68: Purchase rate approval workflow columns added
🔄 Migration 69: Adding status column to rice_hamali_entries...
✅ status column already exists in rice_hamali_entries
🔧 Adding rejection_remarks column to rice_stock_movements...
⏩ Column rejection_remarks already exists
🔧 Adding rejection_remarks columns to hamali entries tables...
⏩ Column rejection_remarks already exists in paddy_hamali_entries
⏩ Column rejection_remarks already exists in rice_hamali_entries
⚡ Adding performance indexes for outturn and purchase operations...

📊 Optimizing arrivals table...
  ⏩ Index already exists: idx_arrivals_outturn_movement_bags

📊 Optimizing rice_productions table...
  ⏩ Index already exists: idx_rice_prod_outturn_status_deducted

📊 Optimizing rice_stock_movements table...
  ⏩ Index already exists: idx_rice_stock_movement_type_date
  ⏩ Index already exists: idx_rice_stock_created_status

📊 Optimizing outturns table...
  ⏩ Index already exists: idx_outturns_cleared_created

✅ Performance indexes created successfully!
⚡ Adding performance indexes for Hamali Book queries...
✅ Added index: idx_arrivals_date
✅ Added index: idx_rice_productions_date
✅ Added index: idx_rice_stock_movements_date
✅ Added index: idx_paddy_hamali_entries_arrival_id
✅ Added index: idx_rice_hamali_entries_production_id
✅ Added index: idx_rice_hamali_entries_stock_movement_id
✅ Added index: idx_paddy_hamali_entries_created_at
✅ Added index: idx_rice_hamali_entries_created_at
✅ All Hamali Book performance indexes created successfully!
⚡ Expected performance improvement: 10x faster queries
✅ Migration 73: Hamali Book performance indexes added
🔄 Migration 74: Adding Sample Entry user roles...
📋 Current roles: [
  'admin',
  'manager',
  'ceo',
  'staff',
  'paddy_supervisor',
  'inventory_staff',
  'financial_account',
  'quality_supervisor',
  'physical_supervisor'
]
⏭️  Role already exists: quality_supervisor
⏭️  Role already exists: physical_supervisor
⏭️  Role already exists: inventory_staff
⏭️  Role already exists: financial_account
✅ Migration 74: Sample Entry user roles added successfully
✅ Migration 74: Sample Entry user roles added
🔄 Migration 75: Creating sample_entries table...
❌ Migration 75 error: relation "idx_sample_entries_workflow_status" already exists
⚠️ Migration 75 warning: relation "idx_sample_entries_workflow_status" already exists
🔄 Migration 76: Creating quality_parameters table...
❌ Migration 76 error: relation "idx_quality_parameters_sample_entry" already exists
⚠️ Migration 76 warning: relation "idx_quality_parameters_sample_entry" already exists
🔄 Migration 77: Creating cooking_reports table...
❌ Migration 77 error: relation "idx_cooking_reports_sample_entry" already exists
⚠️ Migration 77 warning: relation "idx_cooking_reports_sample_entry" already exists
🔄 Migration 78: Creating lot_allotments table...
❌ Migration 78 error: relation "idx_lot_allotments_sample_entry" already exists
⚠️ Migration 78 warning: relation "idx_lot_allotments_sample_entry" already exists
🔄 Migration 79: Creating physical_inspections table...
❌ Migration 79 error: relation "idx_physical_inspections_lot_allotment" already exists
⚠️ Migration 79 warning: relation "idx_physical_inspections_lot_allotment" already exists
🔄 Migration 80: Creating inventory_data table...
❌ Migration 80 error: relation "idx_inventory_data_physical_inspection" already exists
⚠️ Migration 80 warning: relation "idx_inventory_data_physical_inspection" already exists
🔄 Migration 81: Creating financial_calculations table...
❌ Migration 81 error: relation "idx_financial_calculations_inventory" already exists
⚠️ Migration 81 warning: relation "idx_financial_calculations_inventory" already exists
🔄 Migration 82: Creating sample_entry_audit_logs table...
❌ Migration 82 error: relation "idx_audit_logs_user" already exists
⚠️ Migration 82 warning: relation "idx_audit_logs_user" already exists
⚠️ Migration 83 warning: relation "brokers_name" already exists
🔄 Migration 84: Adding reported_by text field to quality_parameters...
❌ Migration 84 error: column "reported_by" of relation "quality_parameters" already exists
⚠️ Migration 84 warning: column "reported_by" of relation "quality_parameters" already exists
🔄 Migration 85: Removing phoo column from quality_parameters...
❌ Migration 85 error: column "phoo" of relation "quality_parameters" does not exist
⚠️ Migration 85 warning: column "phoo" of relation "quality_parameters" does not exist
⚠️ Migration 86 warning: column "offering_price" of relation "sample_entries" already exists
Starting migration: Enable multiple physical inspections...
Removing unique constraint on lot_allotment_id...
Adding sample_entry_id column...
sample_entry_id column may already exist: column "sample_entry_id" of relation "physical_inspections" already exists
Backfilling sample_entry_id from lot_allotments...
Making sample_entry_id NOT NULL...
Renaming cutting to cutting1...
Column may already be renamed: Table physical_inspections doesn't have the column cutting
Adding cutting2 column...
cutting2 column may already exist: column "cutting2" of relation "physical_inspections" already exists
Adding remarks column...
remarks column may already exist: column "remarks" of relation "physical_inspections" already exists
Adding is_complete column...
is_complete column may already exist: column "is_complete" of relation "physical_inspections" already exists
Adding indexes...
Index idx_physical_inspections_sample_entry already exists
Index idx_physical_inspections_lot_allotment already exists
Index idx_physical_inspections_completion already exists
✓ Migration completed successfully!
Physical inspections can now have multiple records per entry.
✅ Migration 87: Multiple physical inspections enabled
🔄 Auto-fixing product types (RJ Broken, Rejection Rice)...
✅ Auto-fix: RJ Broken and Rejection Rice added to product types
⏭️ kunchinittu_id column already exists
⏭️ outturn_id column already exists
⏭️ Index on kunchinittu_id already exists
⏭️ Index on outturn_id already exists
✅ Migration 88: kunchinittu_id and outturn_id added to inventory_data
⚠️ Migration 89 warning: column "lot_selection_decision" of relation "sample_entries" already exists
📊 Adding ultra-performance composite indexes...
  ⏭️ Index idx_arrivals_inward_ledger already exists, skipping
  ⏭️ Index idx_arrivals_outward_ledger already exists, skipping
  ⏭️ Index idx_arrivals_rate_calc already exists, skipping
  ⏭️ Index idx_arrivals_outturn_nonnull already exists, skipping
  ⏭️ Index idx_arrivals_date_status already exists, skipping
  ⏭️ Index idx_rsm_date_filters already exists, skipping
  ⏭️ Index idx_rsm_pending_approval already exists, skipping
  ⏭️ Index idx_rsm_stock_calc already exists, skipping
  ⏭️ Index idx_purchase_rates_arrival_amount already exists, skipping
  ⏭️ Index idx_rice_prod_outturn_status already exists, skipping
  ⏭️ Index idx_sample_entries_workflow already exists, skipping
📊 Ultra-performance composite indexes complete!
✅ Migration 90: Ultra-performance composite indexes added
🚀 Adding ultimate performance indexes for 10 lakh records...
✅ Index created: arrivals(status,
✅ Index created: arrivals("movementType",
✅ Index created: arrivals(UPPER(TRIM(variety)),
✅ Index created: arrivals("toKunchinintuId",
✅ Index created: arrivals("fromKunchinintuId",
✅ Index created: arrivals("outturnId",
✅ Index created: rice_stock_movements(location_code,
✅ Index created: rice_stock_movements(movement_type,
✅ Index created: rice_stock_movements(movement_type,
✅ Index created: rice_stock_movements(variety,
✅ Index created: rice_productions("outturnId",
✅ Index created: rice_productions("locationCode",
⚠️ Index creation warning: column "status" does not exist
⚠️ Index creation warning: column "riceHamaliRateId" does not exist
⚠️ Index creation warning: column "arrivalId" does not exist
✅ Ultimate performance indexes migration completed!
📈 Expected improvement: <100ms for most queries with 10 lakh records
✅ Migration 91: Ultimate performance indexes added
✅ Migration 92: allotted_bags column already exists
⚠️ Migration 93 warning: column "inspected_bags" of relation "lot_allotments" already exists
  ℹ️ Index skip: column "date" does not exist
  ℹ️ Index skip: column "date" does not exist
✅ Migration 94: 10 Lakh composite + trigram indexes added
✅ Migration 95: Sample workflow enhancements completed
✅ Migration 95: Sample workflow enhancements completed
✅ Migrations completed.
✅ All sample entry performance indexes created
✅ Migration 96: Sample entry performance indexes added
⏩ Column already exists: offer_base_rate_value
⏩ Column already exists: hamali_enabled
⏩ Column already exists: hamali_per_kg
⏩ Column already exists: hamali_per_quintal
⏩ Column already exists: brokerage_enabled
⏩ Column already exists: lf_enabled
⏩ Column already exists: lf_by
⏩ Column already exists: custom_divisor
⏩ Column already exists: final_base_rate
⏩ Column already exists: final_sute
⏩ Column already exists: final_sute_unit
✅ Migration 97: Enhanced offering/final price fields added
✅ Migration 98: Manager Fallback Toggles added
✅ Migration 60: Sample workflow performance indexes added
✅ Added dryMoisture column to quality_parameters table
✅ Added qualityName column to users table
✅ Migration 99: dryMoisture and qualityName columns added
âœ… Migration 108: Multi-offer pricing fields added
? Migration 109: payment_condition_value now supports decimals
Migration 110: final_remarks added to sample_entry_offerings
Migration 111 complete: 20M sample workflow indexes added
Migration 111: 20M sample workflow indexes added
✅ Migration 96b: bend2 column added to physical_inspections
🔄 Migration 100: Adding cooking_done_by to cooking_reports...
✅ Migration 100: cooking_done_by column already exists, skipping
✅ Migration 100: cooking_done_by column added to cooking_reports
🔄 Migration 101: Allowing NULL status in cooking_reports...
✅ Migration 101: status column now allows NULL
✅ Migration 101: status column now allows NULL in cooking_reports
⚠️ Migration 102 warning: column "cooking_approved_by" of relation "cooking_reports" already exists
⚠️ Migration 103 warning: column "status" does not exist
Successfully added RICE_SAMPLE to entry_type enum.
✅ Migration 104: RICE_SAMPLE added to entry_type enum
Successfully added SOLDOUT to lot_selection_decision enum.
✅ Migration 105: SOLDOUT added to lot_selection_decision enum
🔄 Migration 106: Adding serial_no to sample_entries...
❌ Migration 106 error: column "serial_no" of relation "sample_entries" already exists
⚠️ Migration 106: serial_no already exists, skipping.
✅ Migration 106: serial_no added to sample_entries
Migration 107 complete: Final Pass Lots indexes added
✅ Migration 107: Final Pass Lots indexes added
✅ Migration 112: User fields full_name and custom_user_id added
✅ Migration 113: Location Sample extra fields added
✅ Migration 114: Quality parameters columns converted to string
✅ Migration 115: Staff edit limit counters added
⚠️ Migration 116 warning: column "moisture_raw" of relation "quality_parameters" already exists
✅ Migration 117 complete: party_name and location indexes added
✅ Migration 117: party_name and location indexes added
✅ Migration 119: smell fields added to quality_parameters
✅ All migrations + indexes completed.
âœ… Migration 120: sample entry edit approval workflow added
✅ Migration 121: sample entry quality attempt fields added
✅ Migration 122: fail remarks added to sample_entries
Migration 123: resample trigger workflow state added to sample_entries
Migration 124: sample workflow query indexes added
🔄 Migration 125: Adding final report tracking fields to sample_entry_offerings...
✅ Migration 125 completed successfully
✅ Migration 125: final report tracking fields added
Migration 126: manager value approval workflow added
⏩ Column already exists: dispute_base_rate in sample_entry_offerings
⏩ Column already exists: dispute_base_rate_type in sample_entry_offerings
⏩ Column already exists: revised_hamali in sample_entry_offerings
⏩ Column already exists: revised_lf in sample_entry_offerings
Migration 127: dispute and revised fields added
⏩ Column already exists: revised_rate_option in sample_entry_offerings
Migration 128: revised_rate_option field added
Migration 129 warning: column "pending_manager_value_approval_queue" of relation "sample_entry_offerings" already exists
Migration 130 warning: column "dispute_versions" of relation "sample_entry_offerings" already exists
Migration 131 warning: column "sampling_stages" of relation "physical_inspections" already exists
Migration 132: bags column altered to allow NULL in physical_inspections
Migration 133: JSONB GIN performance indexes added
ℹ️ ENUM enum_brokers_type might already exist, skipping creation:  type "enum_brokers_type" already exists
ℹ️ type column might already exist, skipping:  column "type" of relation "brokers" already exists
ℹ️ description column might not exist or already removed:  column "description" of relation "brokers" does not exist
Migration 20260609_update_brokers_type: brokers type updated successfully
ℹ️ ENUM enum_warehouses_type might already exist, skipping creation:  type "enum_warehouses_type" already exists
ℹ️ type column might already exist, skipping:  column "type" of relation "warehouses" already exists
Migration 20260609_update_warehouses_type: warehouses type updated successfully
Migration 134: sampling_rules_mode added to lot_allotments
ℹ️ "ceo" already exists in enum_users_role
Migration 135: shortcut_name, phone_number, and CEO role added
Migration 136: sub_role column added to users table
🔄 Migration: Adding linked_patti_rate columns and details to physical_inspections...
Migration 137: linked_patti_rate and patti columns added to physical_inspections table
Migration 138 warning: column "pending_rate_linking_status" of relation "sample_entry_offerings" already exists
🚀 Adding performance indexes for millions of records...
❌ Error adding indexes: column "place_status" does not exist
⚠️ Migration 146 warning: column "place_status" does not exist
🔄 Checking and adding missing columns in inventory_quality_parameters...
⚠️ Migration missing quality columns warning: relation "inventory_quality_parameters" does not exist
👥 Admin user already exists
🌱 Seeding other hamali works...
⚠️ Already exists: Plotting - Plot marking and measurement
⚠️ Already exists: Paddy Cutting - Cutting paddy from field
⚠️ Already exists: Paddy Filling with Stitching - Filling bags and stitching
⚠️ Already exists: Cleaning Work - General cleaning and maintenance
⚠️ Already exists: Transportation - Moving goods within premises
✅ Other hamali works seeding completed
🔧 Adding critical indexes for 30 lakh record performance...

  ✅ idx_arrivals_created_desc
  ✅ idx_arrivals_variety
  ✅ idx_arrivals_status
  ✅ idx_sample_entries_created_desc
  ✅ idx_sample_entries_date_desc
  ✅ idx_sample_entries_party
  ✅ idx_sample_entries_broker
  ✅ idx_sample_entries_variety
  ✅ idx_sample_entries_location
  ✅ idx_sample_entries_status
  ✅ idx_sample_entries_type
  ✅ idx_sample_entries_date_status
  ✅ idx_sample_entries_offering
  ✅ idx_sample_entries_final
  ✅ idx_rice_productions_created_desc
  ✅ idx_rice_productions_type
  ✅ idx_rice_productions_outturn
  ✅ idx_rice_stock_movements_variety
  ✅ idx_kunchinittus_created_desc
  ✅ idx_kunchinittus_name
  ✅ idx_hamali_entries_status
  ✅ idx_outturns_created_desc
  ✅ idx_packagings_brand
  ✅ idx_users_username
  ✅ idx_users_role
  ✅ idx_users_active

📊 Results: 26 created, 22 skipped, 0 failed
📊 Updating table statistics (ANALYZE)...
  📊 Analyzed table: arrivals
  📊 Analyzed table: sample_entries
  📊 Analyzed table: physical_inspections
  📊 Analyzed table: lot_allotments
  📊 Analyzed table: rice_productions
  📊 Analyzed table: rice_stock_movements
✅ Index optimization complete!

🚀 Mother India Stock Management Server running on port 5000
🌐 API Base URL: http://localhost:5000/api
❌ CORS blocked origin: http://localhost:3003
Error: Not allowed by CORS
    at origin (C:\Users\maju\Downloads\stocks-main\stocks-main\server\index.js:106:16)
    at C:\Users\maju\Downloads\stocks-main\stocks-main\server\node_modules\cors\lib\index.js:219:13
    at optionsCallback (C:\Users\maju\Downloads\stocks-main\stocks-main\server\node_modules\cors\lib\index.js:199:9)
    at corsMiddleware (C:\Users\maju\Downloads\stocks-main\stocks-main\server\node_modules\cors\lib\index.js:204:7)
    at Layer.handle [as handle_request] (C:\Users\maju\Downloads\stocks-main\stocks-main\server\node_modules\express\lib\router\layer.js:95:5)
    at trim_prefix (C:\Users\maju\Downloads\stocks-main\stocks-main\server\node_modules\express\lib\router\index.js:328:13)
    at C:\Users\maju\Downloads\stocks-main\stocks-main\server\node_modules\express\lib\router\index.js:286:9
    at router.process_params (C:\Users\maju\Downloads\stocks-main\stocks-main\server\node_modules\express\lib\router\index.js:346:12)
    at next (C:\Users\maju\Downloads\stocks-main\stocks-main\server\node_modules\express\lib\router\index.js:280:10)
    at internalNext (C:\Users\maju\Downloads\stocks-main\stocks-main\server\node_modules\helmet\index.cjs:537:6)
